Program
  MainClass Main (line 1)
    Print (line 3)
      Call loops (line 3)
        on class:
          NewObject Loops (line 3)
        parameters:
          5 (line 3)

  Class Loops (line 7)
    fields:
    MethodDecl loops (line 8)
      returns int
      params:
        int max
      variables:
        VarDecl int i (line 9)
      Assign i (line 10)
        new value:
          0 (line 10)
      While (line 11)
        condition:
          LessThan (line 11)
            i (line 11)
            max (line 11)
        Print (line 12)
          i (line 12)
        Assign i (line 13)
          new value:
            Plus (line 13)
              i (line 13)
              1 (line 13)
      Assign i (line 15)
        new value:
          0 (line 15)
      Return
        0 (line 17)
