class A:
  super: null
  fields:

class MethodParamTest:
  super: null
  fields:
  method testB:
    params: B, 
    returns: int
    locals:
  method testA:
    params: A, 
    returns: int
    locals:

class B:
  super: A
  fields:

class SubclassAssign:
  super: null
  fields:
  method run:
    params: 
    returns: int
    locals:
      A a;
      B b;
      B bad;
      MethodParamTest t;
      int x;

